// Jest Snapshot v1, https://goo.gl/fbAQLP

exports[`VMixConnection getFullState 1`] = `
{
  "edition": "4K",
  "inputs": [
    {
      "duration": 0,
      "key": "418f6d70-ec7e-464a-8abc-92280776f5a0",
      "loop": false,
      "number": 1,
      "position": 0,
      "shortTitle": "TV Mix",
      "state": "Paused",
      "title": "TV Mix",
      "type": "Mix",
    },
    {
      "duration": 0,
      "key": "1c077daf-caf6-4371-be56-ca11736d12dd",
      "loop": false,
      "number": 2,
      "position": 0,
      "shortTitle": "Transparent",
      "state": "Paused",
      "title": "Transparent",
      "type": "Colour",
    },
    {
      "duration": 279573,
      "items": [
        {
          "selected": true,
          "source": "C:\\media\\Test 0.mp4",
        },
        {
          "selected": false,
          "source": "C:\\media\\Test 1.mp4",
        },
        {
          "selected": false,
          "source": "C:\\media\\Test 22.mp4",
        },
        {
          "selected": false,
          "source": "C:\\media\\Test 3.mov",
        },
        {
          "selected": false,
          "source": "C:\\media\\Test 4.mp4",
        },
      ],
      "key": "705aa6bc-632e-4714-8759-0966703c154f",
      "loop": false,
      "number": 3,
      "position": 0,
      "selectedIndex": 0,
      "shortTitle": "VTs",
      "state": "Paused",
      "title": "VTs - Test 0.mp4",
      "type": "VideoList",
    },
    {
      "audioBusses": "M",
      "balance": 0,
      "duration": 5000,
      "key": "410bc785-3d4b-4d0d-96a0-58e0ed78edde",
      "loop": false,
      "muted": true,
      "number": 4,
      "position": 0,
      "shortTitle": "YY_Transition_1.mov",
      "solo": false,
      "state": "Paused",
      "title": "YY_Transition_1.mov",
      "type": "Video",
      "volume": 100,
    },
    {
      "duration": 0,
      "key": "254bf3d2-6b74-4dc3-a46f-bac16b5c4fee",
      "loop": false,
      "number": 5,
      "position": 0,
      "shortTitle": "Colour",
      "state": "Paused",
      "title": "Colour",
      "type": "Colour",
    },
    {
      "duration": 0,
      "items": [
        {
          "selected": true,
          "source": "C:\\media\\Test.png",
        },
      ],
      "key": "be25c595-60e1-49b1-873b-1c1f7fde77b4",
      "loop": false,
      "number": 6,
      "position": 0,
      "selectedIndex": 0,
      "shortTitle": "Stills",
      "state": "Paused",
      "title": "Stills - Test.png",
      "type": "VideoList",
    },
    {
      "duration": 0,
      "key": "ba632fc4-90b6-42db-afd0-fbc73487fa23",
      "loop": false,
      "number": 7,
      "position": 0,
      "shortTitle": "Test.png",
      "state": "Paused",
      "title": "Test.png",
      "type": "Image",
    },
    {
      "audioBusses": "M",
      "balance": 0,
      "duration": 60899,
      "key": "b5076d09-361c-4185-8086-9c45c9de75de",
      "loop": false,
      "muted": true,
      "number": 8,
      "position": 0,
      "shortTitle": "ES_Young Mystery Detectives - Trailer Worx.wav",
      "solo": false,
      "state": "Paused",
      "title": "ES_Young Mystery Detectives - Trailer Worx.wav",
      "type": "AudioFile",
      "volume": 100,
    },
  ],
  "preset": "C:\\Test.vmix",
  "version": "26.0.0.44",
}
`;
